// Vitest Snapshot v1, https://vitest.dev/guide/snapshot.html

exports[`MenuItemDetails test > should match snapshot 1`] = `
<div
  aria-hidden="true"
/>
`;
